[INFO] Starting CTranslate2 Build
🐍 Creating virtual environment...
Using CPython 3.12.10
Using CPython 3.12.7
Creating virtual environment at: python/testvenv
Activate with: source python/testvenv/bin/activate
Activate with: source python/testvenv/bin/activate
Looking in links: /var/folders/47/kfsw22311g55y6_jmdglpb_h0000gn/T/tmp7bt4k_db
Processing /var/folders/47/kfsw22311g55y6_jmdglpb_h0000gn/T/tmp7bt4k_db/pip-24.2-py3-none-any.whl
Installing collected packages: pip
Successfully installed pip-24.2
Collecting setuptools
  Using cached setuptools-80.3.1-py3-none-any.whl.metadata (6.5 kB)
Collecting wheel
  Using cached wheel-0.45.1-py3-none-any.whl.metadata (2.3 kB)
Using cached setuptools-80.3.1-py3-none-any.whl (1.2 MB)
Using cached wheel-0.45.1-py3-none-any.whl (72 kB)
Installing collected packages: wheel, setuptools
Successfully installed setuptools-80.3.1 wheel-0.45.1

[notice] A new release of pip is available: 24.2 -> 25.1.1
[notice] To update, run: /Users/christophbackhaus/Documents/GitHub/CTranslate2/python/testvenv/bin/python3 -m pip install --upgrade pip
Collecting pytest
  Using cached pytest-8.3.5-py3-none-any.whl.metadata (7.6 kB)
Collecting numpy
  Using cached numpy-2.2.5-cp312-cp312-macosx_14_0_arm64.whl.metadata (62 kB)
Collecting pybind11
  Using cached pybind11-2.13.6-py3-none-any.whl.metadata (9.5 kB)
Collecting pyyaml
  Using cached PyYAML-6.0.2-cp312-cp312-macosx_11_0_arm64.whl.metadata (2.1 kB)
Collecting iniconfig (from pytest)
  Using cached iniconfig-2.1.0-py3-none-any.whl.metadata (2.7 kB)
Collecting packaging (from pytest)
  Using cached packaging-25.0-py3-none-any.whl.metadata (3.3 kB)
Collecting pluggy<2,>=1.5 (from pytest)
  Using cached pluggy-1.5.0-py3-none-any.whl.metadata (4.8 kB)
Using cached pytest-8.3.5-py3-none-any.whl (343 kB)
Using cached numpy-2.2.5-cp312-cp312-macosx_14_0_arm64.whl (5.2 MB)
Using cached pybind11-2.13.6-py3-none-any.whl (243 kB)
Using cached PyYAML-6.0.2-cp312-cp312-macosx_11_0_arm64.whl (173 kB)
Using cached pluggy-1.5.0-py3-none-any.whl (20 kB)
Using cached iniconfig-2.1.0-py3-none-any.whl (6.0 kB)
Using cached packaging-25.0-py3-none-any.whl (66 kB)
Installing collected packages: pyyaml, pybind11, pluggy, packaging, numpy, iniconfig, pytest
Successfully installed iniconfig-2.1.0 numpy-2.2.5 packaging-25.0 pluggy-1.5.0 pybind11-2.13.6 pytest-8.3.5 pyyaml-6.0.2

[notice] A new release of pip is available: 24.2 -> 25.1.1
[notice] To update, run: /Users/christophbackhaus/Documents/GitHub/CTranslate2/python/testvenv/bin/python3 -m pip install --upgrade pip
Package    Version
---------- -------
iniconfig  2.1.0
numpy      2.2.5
packaging  25.0
pip        24.2
pluggy     1.5.0
pybind11   2.13.6
pytest     8.3.5
PyYAML     6.0.2
setuptools 80.3.1
wheel      0.45.1
[INFO] Initializing Git Submodules
[INFO] Setting Up Third-Party Dependencies
[INFO] Downloading GoogleTest
[INFO] Creating Unified Third-Party CMakeLists.txt
[INFO] Patching CMakeLists.txt
[INFO] Third-party directory contents:
total 152
-rw-r--r--   1 christophbackhaus  staff  15107 Nov 27 20:05 BS_thread_pool_light.hpp
-rw-r--r--   1 christophbackhaus  staff   1020 May  5 17:27 CMakeLists.txt
-rw-r--r--   1 christophbackhaus  staff  15681 Nov 27 20:05 avx512_mathfun.h
-rw-r--r--   1 christophbackhaus  staff  25183 Nov 27 20:05 avx_mathfun.h
drwxr-xr-x  21 christophbackhaus  staff    672 May  5 17:27 cpu_features
drwxr-xr-x  28 christophbackhaus  staff    896 May  5 17:27 cutlass
drwxr-xr-x  18 christophbackhaus  staff    576 May  5 17:27 cxxopts
drwxr-xr-x  18 christophbackhaus  staff    576 May  5 17:27 googletest
-rw-r--r--   1 christophbackhaus  staff   9589 Nov 27 20:05 neon_mathfun.h
drwxr-xr-x  16 christophbackhaus  staff    512 May  5 17:27 ruy
drwxr-xr-x  24 christophbackhaus  staff    768 May  5 17:27 spdlog
drwxr-xr-x  24 christophbackhaus  staff    768 May  5 17:27 thrust
[INFO] GoogleTest directory present
total 88
-rw-r--r--   1 christophbackhaus  staff  6488 Apr 27 20:53 BUILD.bazel
-rw-r--r--   1 christophbackhaus  staff   171 May  5 17:27 CMakeLists.txt
-rw-r--r--   1 christophbackhaus  staff  5688 Apr 27 20:53 CONTRIBUTING.md
-rw-r--r--   1 christophbackhaus  staff  2261 Apr 27 20:53 CONTRIBUTORS
-rw-r--r--   1 christophbackhaus  staff  1475 Apr 27 20:53 LICENSE
-rw-r--r--   1 christophbackhaus  staff  5814 Apr 27 20:53 README.md
-rw-r--r--   1 christophbackhaus  staff  1159 Apr 27 20:53 WORKSPACE
drwxr-xr-x   5 christophbackhaus  staff   160 Apr 27 20:53 ci
drwxr-xr-x  22 christophbackhaus  staff   704 Apr 27 20:53 docs
drwxr-xr-x   9 christophbackhaus  staff   288 May  5 17:27 googlemock
drwxr-xr-x  10 christophbackhaus  staff   320 May  5 17:27 googletest
-rw-r--r--   1 christophbackhaus  staff  1124 Apr 27 20:53 googletest_deps.bzl
[INFO] Installing Build Dependencies
Defaulting to user installation because normal site-packages is not writeable
Requirement already satisfied: pip in /Users/christophbackhaus/Library/Python/3.9/lib/python/site-packages (25.1.1)
Requirement already satisfied: setuptools in /Users/christophbackhaus/Library/Python/3.9/lib/python/site-packages (80.3.1)
Requirement already satisfied: wheel in /Users/christophbackhaus/Library/Python/3.9/lib/python/site-packages (0.45.1)
Defaulting to user installation because normal site-packages is not writeable
Requirement already satisfied: cmake in /Users/christophbackhaus/Library/Python/3.9/lib/python/site-packages (4.0.0)
Requirement already satisfied: pybind11 in /Users/christophbackhaus/Library/Python/3.9/lib/python/site-packages (2.13.6)
Requirement already satisfied: numpy in /Users/christophbackhaus/Library/Python/3.9/lib/python/site-packages (1.26.2)
[INFO] Configuring CMake
Xcode Toolchain Path: /Applications/Xcode.app/Contents/Developer/Toolchains/XcodeDefault.xctoolchain/usr/bin/..
Standard Library Include Path: /Applications/Xcode.app/Contents/Developer/Toolchains/XcodeDefault.xctoolchain/usr/bin/../include/c++/v1
Compiler Base Path: /Applications/Xcode.app/Contents/Developer/Toolchains/XcodeDefault.xctoolchain/usr/bin/../usr/bin
SDK Path: /Applications/Xcode.app/Contents/Developer/Platforms/MacOSX.platform/Developer/SDKs/MacOSX.sdk
SDK Version: 15.4
Clang Path: 
Clang Version: Apple clang version 17.0.0 (clang-1700.0.13.3)
Re-run cmake no build system arguments
-- Build spdlog: 1.10.0
-- Build type: Release
-- Configuring done (0.4s)
-- Generating done (0.1s)
-- Build files have been written to: /Users/christophbackhaus/Documents/GitHub/CTranslate2
[INFO] Verifying Build Artifacts
[INFO] Python extension search path:
[INFO] Found Python extension: ./python/Agent/testenv/lib/python3.12/site-packages/ctranslate2/_ext.cpython-312-darwin.so
[INFO] Found Core library: ./python/Agent/testenv/lib/libctranslate2.dylib
[INFO] 🎉 Build Successful!
🐍 Creating virtual environment...
Using CPython 3.12.7
Creating virtual environment at: python/testvenv
Activate with: source python/testvenv/bin/activate
Using Python 3.12.7 environment at: python/testvenv
Resolved 5 packages in 13ms
Installed 5 packages in 26ms
 + iniconfig==2.1.0
 + numpy==2.2.5
 + packaging==25.0
 + pluggy==1.5.0
 + pytest==8.3.5
Using Python 3.12.7 environment at: python/testvenv
Resolved 1 package in 2ms
Installed 1 package in 2ms
 + ctranslate2==4.0.0 (from file:///Users/christophbackhaus/Documents/GitHub/CTranslate2)
📦 Installing Python dependencies...
Using Python 3.12.7 environment at: python/testvenv
Resolved 3 packages in 59ms
Prepared 3 packages in 0.83ms
Installed 3 packages in 16ms
 + pip==25.1.1
 + setuptools==80.3.1
 + wheel==0.45.1
Using Python 3.12.7 environment at: python/testvenv
Resolved 3 packages in 2ms
Installed 2 packages in 3ms
 + pybind11==2.13.6
 + pyyaml==6.0.2
🏭  Building C++ core...
Re-run cmake no build system arguments
-- Build spdlog: 1.10.0
-- Build type: Release
-- Configuring done (0.5s)
-- Generating done (0.1s)
-- Build files have been written to: /Users/christophbackhaus/Documents/GitHub/CTranslate2
/opt/homebrew/bin/cmake -S/Users/christophbackhaus/Documents/GitHub/CTranslate2 -B/Users/christophbackhaus/Documents/GitHub/CTranslate2 --check-build-system CMakeFiles/Makefile.cmake 0
/opt/homebrew/bin/cmake -E cmake_progress_start /Users/christophbackhaus/Documents/GitHub/CTranslate2/CMakeFiles /Users/christophbackhaus/Documents/GitHub/CTranslate2//CMakeFiles/progress.marks
/Applications/Xcode.app/Contents/Developer/usr/bin/make  -f CMakeFiles/Makefile2 all
/Applications/Xcode.app/Contents/Developer/usr/bin/make  -f CMakeFiles/ctranslate2.dir/build.make CMakeFiles/ctranslate2.dir/depend
/Applications/Xcode.app/Contents/Developer/usr/bin/make  -f tests/third_party/googletest/googletest/CMakeFiles/gtest.dir/build.make tests/third_party/googletest/googletest/CMakeFiles/gtest.dir/depend
/Applications/Xcode.app/Contents/Developer/usr/bin/make  -f tests/metal/CMakeFiles/metal_ops_test.dir/build.make tests/metal/CMakeFiles/metal_ops_test.dir/depend
/Applications/Xcode.app/Contents/Developer/usr/bin/make  -f tests/metal/CMakeFiles/metal_buffer_test.dir/build.make tests/metal/CMakeFiles/metal_buffer_test.dir/depend
cd /Users/christophbackhaus/Documents/GitHub/CTranslate2 && /opt/homebrew/bin/cmake -E cmake_depends "Unix Makefiles" /Users/christophbackhaus/Documents/GitHub/CTranslate2 /Users/christophbackhaus/Documents/GitHub/CTranslate2/third_party/googletest/googletest /Users/christophbackhaus/Documents/GitHub/CTranslate2 /Users/christophbackhaus/Documents/GitHub/CTranslate2/tests/third_party/googletest/googletest /Users/christophbackhaus/Documents/GitHub/CTranslate2/tests/third_party/googletest/googletest/CMakeFiles/gtest.dir/DependInfo.cmake "--color="
/Applications/Xcode.app/Contents/Developer/usr/bin/make  -f tests/metal/CMakeFiles/metal_device_info_test.dir/build.make tests/metal/CMakeFiles/metal_device_info_test.dir/depend
cd /Users/christophbackhaus/Documents/GitHub/CTranslate2 && /opt/homebrew/bin/cmake -E cmake_depends "Unix Makefiles" /Users/christophbackhaus/Documents/GitHub/CTranslate2 /Users/christophbackhaus/Documents/GitHub/CTranslate2/tests/metal /Users/christophbackhaus/Documents/GitHub/CTranslate2 /Users/christophbackhaus/Documents/GitHub/CTranslate2/tests/metal /Users/christophbackhaus/Documents/GitHub/CTranslate2/tests/metal/CMakeFiles/metal_ops_test.dir/DependInfo.cmake "--color="
cd /Users/christophbackhaus/Documents/GitHub/CTranslate2 && /opt/homebrew/bin/cmake -E cmake_depends "Unix Makefiles" /Users/christophbackhaus/Documents/GitHub/CTranslate2 /Users/christophbackhaus/Documents/GitHub/CTranslate2 /Users/christophbackhaus/Documents/GitHub/CTranslate2 /Users/christophbackhaus/Documents/GitHub/CTranslate2 /Users/christophbackhaus/Documents/GitHub/CTranslate2/CMakeFiles/ctranslate2.dir/DependInfo.cmake "--color="
cd /Users/christophbackhaus/Documents/GitHub/CTranslate2 && /opt/homebrew/bin/cmake -E cmake_depends "Unix Makefiles" /Users/christophbackhaus/Documents/GitHub/CTranslate2 /Users/christophbackhaus/Documents/GitHub/CTranslate2/tests/metal /Users/christophbackhaus/Documents/GitHub/CTranslate2 /Users/christophbackhaus/Documents/GitHub/CTranslate2/tests/metal /Users/christophbackhaus/Documents/GitHub/CTranslate2/tests/metal/CMakeFiles/metal_buffer_test.dir/DependInfo.cmake "--color="
cd /Users/christophbackhaus/Documents/GitHub/CTranslate2 && /opt/homebrew/bin/cmake -E cmake_depends "Unix Makefiles" /Users/christophbackhaus/Documents/GitHub/CTranslate2 /Users/christophbackhaus/Documents/GitHub/CTranslate2/tests/metal /Users/christophbackhaus/Documents/GitHub/CTranslate2 /Users/christophbackhaus/Documents/GitHub/CTranslate2/tests/metal /Users/christophbackhaus/Documents/GitHub/CTranslate2/tests/metal/CMakeFiles/metal_device_info_test.dir/DependInfo.cmake "--color="
Dependencies file "tests/metal/CMakeFiles/metal_ops_test.dir/metal_ops_test.mm.o.d" is newer than depends file "/Users/christophbackhaus/Documents/GitHub/CTranslate2/tests/metal/CMakeFiles/metal_ops_test.dir/compiler_depend.internal".
Dependencies file "tests/third_party/googletest/googletest/CMakeFiles/gtest.dir/src/gtest-all.cc.o.d" is newer than depends file "/Users/christophbackhaus/Documents/GitHub/CTranslate2/tests/third_party/googletest/googletest/CMakeFiles/gtest.dir/compiler_depend.internal".
Dependencies file "tests/metal/CMakeFiles/metal_buffer_test.dir/metal_buffer_test.mm.o.d" is newer than depends file "/Users/christophbackhaus/Documents/GitHub/CTranslate2/tests/metal/CMakeFiles/metal_buffer_test.dir/compiler_depend.internal".
Dependencies file "tests/metal/CMakeFiles/metal_device_info_test.dir/metal_device_info_test.mm.o.d" is newer than depends file "/Users/christophbackhaus/Documents/GitHub/CTranslate2/tests/metal/CMakeFiles/metal_device_info_test.dir/compiler_depend.internal".
Dependencies file "CMakeFiles/ctranslate2.dir/src/allocator.cc.o.d" is newer than depends file "/Users/christophbackhaus/Documents/GitHub/CTranslate2/CMakeFiles/ctranslate2.dir/compiler_depend.internal".
Dependencies file "CMakeFiles/ctranslate2.dir/src/batch_reader.cc.o.d" is newer than depends file "/Users/christophbackhaus/Documents/GitHub/CTranslate2/CMakeFiles/ctranslate2.dir/compiler_depend.internal".
Dependencies file "CMakeFiles/ctranslate2.dir/src/buffered_translation_wrapper.cc.o.d" is newer than depends file "/Users/christophbackhaus/Documents/GitHub/CTranslate2/CMakeFiles/ctranslate2.dir/compiler_depend.internal".
Dependencies file "CMakeFiles/ctranslate2.dir/src/cpu/allocator.cc.o.d" is newer than depends file "/Users/christophbackhaus/Documents/GitHub/CTranslate2/CMakeFiles/ctranslate2.dir/compiler_depend.internal".
Dependencies file "CMakeFiles/ctranslate2.dir/src/cpu/backend.cc.o.d" is newer than depends file "/Users/christophbackhaus/Documents/GitHub/CTranslate2/CMakeFiles/ctranslate2.dir/compiler_depend.internal".
Dependencies file "CMakeFiles/ctranslate2.dir/src/cpu/cpu_info.cc.o.d" is newer than depends file "/Users/christophbackhaus/Documents/GitHub/CTranslate2/CMakeFiles/ctranslate2.dir/compiler_depend.internal".
Dependencies file "CMakeFiles/ctranslate2.dir/src/cpu/cpu_isa.cc.o.d" is newer than depends file "/Users/christophbackhaus/Documents/GitHub/CTranslate2/CMakeFiles/ctranslate2.dir/compiler_depend.internal".
Dependencies file "CMakeFiles/ctranslate2.dir/src/cpu/kernels.cc.o.d" is newer than depends file "/Users/christophbackhaus/Documents/GitHub/CTranslate2/CMakeFiles/ctranslate2.dir/compiler_depend.internal".
Dependencies file "CMakeFiles/ctranslate2.dir/src/cpu/parallel.cc.o.d" is newer than depends file "/Users/christophbackhaus/Documents/GitHub/CTranslate2/CMakeFiles/ctranslate2.dir/compiler_depend.internal".
Dependencies file "CMakeFiles/ctranslate2.dir/src/cpu/primitives.cc.o.d" is newer than depends file "/Users/christophbackhaus/Documents/GitHub/CTranslate2/CMakeFiles/ctranslate2.dir/compiler_depend.internal".
Dependencies file "CMakeFiles/ctranslate2.dir/src/decoding.cc.o.d" is newer than depends file "/Users/christophbackhaus/Documents/GitHub/CTranslate2/CMakeFiles/ctranslate2.dir/compiler_depend.internal".
Dependencies file "CMakeFiles/ctranslate2.dir/src/decoding_utils.cc.o.d" is newer than depends file "/Users/christophbackhaus/Documents/GitHub/CTranslate2/CMakeFiles/ctranslate2.dir/compiler_depend.internal".
Dependencies file "CMakeFiles/ctranslate2.dir/src/devices.cc.o.d" is newer than depends file "/Users/christophbackhaus/Documents/GitHub/CTranslate2/CMakeFiles/ctranslate2.dir/compiler_depend.internal".
Consolidate compiler generated dependencies of target gtest
/Applications/Xcode.app/Contents/Developer/usr/bin/make  -f tests/third_party/googletest/googletest/CMakeFiles/gtest.dir/build.make tests/third_party/googletest/googletest/CMakeFiles/gtest.dir/build
Dependencies file "CMakeFiles/ctranslate2.dir/src/dtw.cc.o.d" is newer than depends file "/Users/christophbackhaus/Documents/GitHub/CTranslate2/CMakeFiles/ctranslate2.dir/compiler_depend.internal".
Dependencies file "CMakeFiles/ctranslate2.dir/src/encoder.cc.o.d" is newer than depends file "/Users/christophbackhaus/Documents/GitHub/CTranslate2/CMakeFiles/ctranslate2.dir/compiler_depend.internal".
Dependencies file "CMakeFiles/ctranslate2.dir/src/env.cc.o.d" is newer than depends file "/Users/christophbackhaus/Documents/GitHub/CTranslate2/CMakeFiles/ctranslate2.dir/compiler_depend.internal".
Dependencies file "CMakeFiles/ctranslate2.dir/src/filesystem.cc.o.d" is newer than depends file "/Users/christophbackhaus/Documents/GitHub/CTranslate2/CMakeFiles/ctranslate2.dir/compiler_depend.internal".
Dependencies file "CMakeFiles/ctranslate2.dir/src/generator.cc.o.d" is newer than depends file "/Users/christophbackhaus/Documents/GitHub/CTranslate2/CMakeFiles/ctranslate2.dir/compiler_depend.internal".
Dependencies file "CMakeFiles/ctranslate2.dir/src/layers/attention.cc.o.d" is newer than depends file "/Users/christophbackhaus/Documents/GitHub/CTranslate2/CMakeFiles/ctranslate2.dir/compiler_depend.internal".
Dependencies file "CMakeFiles/ctranslate2.dir/src/layers/attention_layer.cc.o.d" is newer than depends file "/Users/christophbackhaus/Documents/GitHub/CTranslate2/CMakeFiles/ctranslate2.dir/compiler_depend.internal".
Dependencies file "CMakeFiles/ctranslate2.dir/src/layers/common.cc.o.d" is newer than depends file "/Users/christophbackhaus/Documents/GitHub/CTranslate2/CMakeFiles/ctranslate2.dir/compiler_depend.internal".
Dependencies file "CMakeFiles/ctranslate2.dir/src/layers/decoder.cc.o.d" is newer than depends file "/Users/christophbackhaus/Documents/GitHub/CTranslate2/CMakeFiles/ctranslate2.dir/compiler_depend.internal".
Dependencies file "CMakeFiles/ctranslate2.dir/src/layers/flash_attention.cc.o.d" is newer than depends file "/Users/christophbackhaus/Documents/GitHub/CTranslate2/CMakeFiles/ctranslate2.dir/compiler_depend.internal".
Dependencies file "CMakeFiles/ctranslate2.dir/src/layers/transformer.cc.o.d" is newer than depends file "/Users/christophbackhaus/Documents/GitHub/CTranslate2/CMakeFiles/ctranslate2.dir/compiler_depend.internal".
Consolidate compiler generated dependencies of target metal_ops_test
Dependencies file "CMakeFiles/ctranslate2.dir/src/layers/wav2vec2.cc.o.d" is newer than depends file "/Users/christophbackhaus/Documents/GitHub/CTranslate2/CMakeFiles/ctranslate2.dir/compiler_depend.internal".
Consolidate compiler generated dependencies of target metal_device_info_test
Consolidate compiler generated dependencies of target metal_buffer_test
/Applications/Xcode.app/Contents/Developer/usr/bin/make  -f tests/metal/CMakeFiles/metal_ops_test.dir/build.make tests/metal/CMakeFiles/metal_ops_test.dir/build
/Applications/Xcode.app/Contents/Developer/usr/bin/make  -f tests/metal/CMakeFiles/metal_device_info_test.dir/build.make tests/metal/CMakeFiles/metal_device_info_test.dir/build
/Applications/Xcode.app/Contents/Developer/usr/bin/make  -f tests/metal/CMakeFiles/metal_buffer_test.dir/build.make tests/metal/CMakeFiles/metal_buffer_test.dir/build
Dependencies file "CMakeFiles/ctranslate2.dir/src/layers/wav2vec2bert.cc.o.d" is newer than depends file "/Users/christophbackhaus/Documents/GitHub/CTranslate2/CMakeFiles/ctranslate2.dir/compiler_depend.internal".
Dependencies file "CMakeFiles/ctranslate2.dir/src/layers/whisper.cc.o.d" is newer than depends file "/Users/christophbackhaus/Documents/GitHub/CTranslate2/CMakeFiles/ctranslate2.dir/compiler_depend.internal".
Dependencies file "CMakeFiles/ctranslate2.dir/src/logging.cc.o.d" is newer than depends file "/Users/christophbackhaus/Documents/GitHub/CTranslate2/CMakeFiles/ctranslate2.dir/compiler_depend.internal".
Dependencies file "CMakeFiles/ctranslate2.dir/src/models/language_model.cc.o.d" is newer than depends file "/Users/christophbackhaus/Documents/GitHub/CTranslate2/CMakeFiles/ctranslate2.dir/compiler_depend.internal".
Dependencies file "CMakeFiles/ctranslate2.dir/src/models/model.cc.o.d" is newer than depends file "/Users/christophbackhaus/Documents/GitHub/CTranslate2/CMakeFiles/ctranslate2.dir/compiler_depend.internal".
Dependencies file "CMakeFiles/ctranslate2.dir/src/models/model_factory.cc.o.d" is newer than depends file "/Users/christophbackhaus/Documents/GitHub/CTranslate2/CMakeFiles/ctranslate2.dir/compiler_depend.internal".
Dependencies file "CMakeFiles/ctranslate2.dir/src/models/model_reader.cc.o.d" is newer than depends file "/Users/christophbackhaus/Documents/GitHub/CTranslate2/CMakeFiles/ctranslate2.dir/compiler_depend.internal".
make[2]: Nothing to be done for `tests/third_party/googletest/googletest/CMakeFiles/gtest.dir/build'.
Dependencies file "CMakeFiles/ctranslate2.dir/src/models/sequence_to_sequence.cc.o.d" is newer than depends file "/Users/christophbackhaus/Documents/GitHub/CTranslate2/CMakeFiles/ctranslate2.dir/compiler_depend.internal".
Dependencies file "CMakeFiles/ctranslate2.dir/src/models/transformer.cc.o.d" is newer than depends file "/Users/christophbackhaus/Documents/GitHub/CTranslate2/CMakeFiles/ctranslate2.dir/compiler_depend.internal".
Dependencies file "CMakeFiles/ctranslate2.dir/src/models/wav2vec2.cc.o.d" is newer than depends file "/Users/christophbackhaus/Documents/GitHub/CTranslate2/CMakeFiles/ctranslate2.dir/compiler_depend.internal".
Dependencies file "CMakeFiles/ctranslate2.dir/src/models/wav2vec2bert.cc.o.d" is newer than depends file "/Users/christophbackhaus/Documents/GitHub/CTranslate2/CMakeFiles/ctranslate2.dir/compiler_depend.internal".
[  2%] Built target gtest
/Applications/Xcode.app/Contents/Developer/usr/bin/make  -f tests/third_party/googletest/googletest/CMakeFiles/gtest_main.dir/build.make tests/third_party/googletest/googletest/CMakeFiles/gtest_main.dir/depend
Dependencies file "CMakeFiles/ctranslate2.dir/src/models/whisper.cc.o.d" is newer than depends file "/Users/christophbackhaus/Documents/GitHub/CTranslate2/CMakeFiles/ctranslate2.dir/compiler_depend.internal".
cd /Users/christophbackhaus/Documents/GitHub/CTranslate2 && /opt/homebrew/bin/cmake -E cmake_depends "Unix Makefiles" /Users/christophbackhaus/Documents/GitHub/CTranslate2 /Users/christophbackhaus/Documents/GitHub/CTranslate2/third_party/googletest/googletest /Users/christophbackhaus/Documents/GitHub/CTranslate2 /Users/christophbackhaus/Documents/GitHub/CTranslate2/tests/third_party/googletest/googletest /Users/christophbackhaus/Documents/GitHub/CTranslate2/tests/third_party/googletest/googletest/CMakeFiles/gtest_main.dir/DependInfo.cmake "--color="
Dependencies file "CMakeFiles/ctranslate2.dir/src/ops/activation.cc.o.d" is newer than depends file "/Users/christophbackhaus/Documents/GitHub/CTranslate2/CMakeFiles/ctranslate2.dir/compiler_depend.internal".
Dependencies file "CMakeFiles/ctranslate2.dir/src/ops/add.cc.o.d" is newer than depends file "/Users/christophbackhaus/Documents/GitHub/CTranslate2/CMakeFiles/ctranslate2.dir/compiler_depend.internal".
Dependencies file "CMakeFiles/ctranslate2.dir/src/ops/alibi_add.cc.o.d" is newer than depends file "/Users/christophbackhaus/Documents/GitHub/CTranslate2/CMakeFiles/ctranslate2.dir/compiler_depend.internal".
Dependencies file "tests/third_party/googletest/googletest/CMakeFiles/gtest_main.dir/src/gtest_main.cc.o.d" is newer than depends file "/Users/christophbackhaus/Documents/GitHub/CTranslate2/tests/third_party/googletest/googletest/CMakeFiles/gtest_main.dir/compiler_depend.internal".
Dependencies file "CMakeFiles/ctranslate2.dir/src/ops/alibi_add_cpu.cc.o.d" is newer than depends file "/Users/christophbackhaus/Documents/GitHub/CTranslate2/CMakeFiles/ctranslate2.dir/compiler_depend.internal".
Dependencies file "CMakeFiles/ctranslate2.dir/src/ops/awq/dequantize.cc.o.d" is newer than depends file "/Users/christophbackhaus/Documents/GitHub/CTranslate2/CMakeFiles/ctranslate2.dir/compiler_depend.internal".
Dependencies file "CMakeFiles/ctranslate2.dir/src/ops/awq/dequantize_cpu.cc.o.d" is newer than depends file "/Users/christophbackhaus/Documents/GitHub/CTranslate2/CMakeFiles/ctranslate2.dir/compiler_depend.internal".
make[2]: Nothing to be done for `tests/metal/CMakeFiles/metal_ops_test.dir/build'.
make[2]: Nothing to be done for `tests/metal/CMakeFiles/metal_device_info_test.dir/build'.
make[2]: Nothing to be done for `tests/metal/CMakeFiles/metal_buffer_test.dir/build'.
Dependencies file "CMakeFiles/ctranslate2.dir/src/ops/awq/gemm.cc.o.d" is newer than depends file "/Users/christophbackhaus/Documents/GitHub/CTranslate2/CMakeFiles/ctranslate2.dir/compiler_depend.internal".
Dependencies file "CMakeFiles/ctranslate2.dir/src/ops/awq/gemm_cpu.cc.o.d" is newer than depends file "/Users/christophbackhaus/Documents/GitHub/CTranslate2/CMakeFiles/ctranslate2.dir/compiler_depend.internal".
Dependencies file "CMakeFiles/ctranslate2.dir/src/ops/awq/gemv.cc.o.d" is newer than depends file "/Users/christophbackhaus/Documents/GitHub/CTranslate2/CMakeFiles/ctranslate2.dir/compiler_depend.internal".
Consolidate compiler generated dependencies of target gtest_main
/Applications/Xcode.app/Contents/Developer/usr/bin/make  -f tests/third_party/googletest/googletest/CMakeFiles/gtest_main.dir/build.make tests/third_party/googletest/googletest/CMakeFiles/gtest_main.dir/build
[  6%] Built target metal_device_info_test
[  7%] Built target metal_buffer_test
Dependencies file "CMakeFiles/ctranslate2.dir/src/ops/awq/gemv_cpu.cc.o.d" is newer than depends file "/Users/christophbackhaus/Documents/GitHub/CTranslate2/CMakeFiles/ctranslate2.dir/compiler_depend.internal".
[  7%] Built target metal_ops_test
Dependencies file "CMakeFiles/ctranslate2.dir/src/ops/bias_add.cc.o.d" is newer than depends file "/Users/christophbackhaus/Documents/GitHub/CTranslate2/CMakeFiles/ctranslate2.dir/compiler_depend.internal".
Dependencies file "CMakeFiles/ctranslate2.dir/src/ops/bias_add_cpu.cc.o.d" is newer than depends file "/Users/christophbackhaus/Documents/GitHub/CTranslate2/CMakeFiles/ctranslate2.dir/compiler_depend.internal".
Dependencies file "CMakeFiles/ctranslate2.dir/src/ops/concat.cc.o.d" is newer than depends file "/Users/christophbackhaus/Documents/GitHub/CTranslate2/CMakeFiles/ctranslate2.dir/compiler_depend.internal".
Dependencies file "CMakeFiles/ctranslate2.dir/src/ops/concat_split_slide_cpu.cc.o.d" is newer than depends file "/Users/christophbackhaus/Documents/GitHub/CTranslate2/CMakeFiles/ctranslate2.dir/compiler_depend.internal".
make[2]: Nothing to be done for `tests/third_party/googletest/googletest/CMakeFiles/gtest_main.dir/build'.
Dependencies file "CMakeFiles/ctranslate2.dir/src/ops/conv1d.cc.o.d" is newer than depends file "/Users/christophbackhaus/Documents/GitHub/CTranslate2/CMakeFiles/ctranslate2.dir/compiler_depend.internal".
Dependencies file "CMakeFiles/ctranslate2.dir/src/ops/conv1d_cpu.cc.o.d" is newer than depends file "/Users/christophbackhaus/Documents/GitHub/CTranslate2/CMakeFiles/ctranslate2.dir/compiler_depend.internal".
Dependencies file "CMakeFiles/ctranslate2.dir/src/ops/cos.cc.o.d" is newer than depends file "/Users/christophbackhaus/Documents/GitHub/CTranslate2/CMakeFiles/ctranslate2.dir/compiler_depend.internal".
Dependencies file "CMakeFiles/ctranslate2.dir/src/ops/dequantize.cc.o.d" is newer than depends file "/Users/christophbackhaus/Documents/GitHub/CTranslate2/CMakeFiles/ctranslate2.dir/compiler_depend.internal".
Dependencies file "CMakeFiles/ctranslate2.dir/src/ops/dequantize_cpu.cc.o.d" is newer than depends file "/Users/christophbackhaus/Documents/GitHub/CTranslate2/CMakeFiles/ctranslate2.dir/compiler_depend.internal".
[  8%] Built target gtest_main
Dependencies file "CMakeFiles/ctranslate2.dir/src/ops/flash_attention.cc.o.d" is newer than depends file "/Users/christophbackhaus/Documents/GitHub/CTranslate2/CMakeFiles/ctranslate2.dir/compiler_depend.internal".
Dependencies file "CMakeFiles/ctranslate2.dir/src/ops/flash_attention_cpu.cc.o.d" is newer than depends file "/Users/christophbackhaus/Documents/GitHub/CTranslate2/CMakeFiles/ctranslate2.dir/compiler_depend.internal".
Dependencies file "CMakeFiles/ctranslate2.dir/src/ops/gather.cc.o.d" is newer than depends file "/Users/christophbackhaus/Documents/GitHub/CTranslate2/CMakeFiles/ctranslate2.dir/compiler_depend.internal".
Dependencies file "CMakeFiles/ctranslate2.dir/src/ops/gather_cpu.cc.o.d" is newer than depends file "/Users/christophbackhaus/Documents/GitHub/CTranslate2/CMakeFiles/ctranslate2.dir/compiler_depend.internal".
Dependencies file "CMakeFiles/ctranslate2.dir/src/ops/gelu.cc.o.d" is newer than depends file "/Users/christophbackhaus/Documents/GitHub/CTranslate2/CMakeFiles/ctranslate2.dir/compiler_depend.internal".
Dependencies file "CMakeFiles/ctranslate2.dir/src/ops/gemm.cc.o.d" is newer than depends file "/Users/christophbackhaus/Documents/GitHub/CTranslate2/CMakeFiles/ctranslate2.dir/compiler_depend.internal".
Dependencies file "CMakeFiles/ctranslate2.dir/src/ops/gumbel_max.cc.o.d" is newer than depends file "/Users/christophbackhaus/Documents/GitHub/CTranslate2/CMakeFiles/ctranslate2.dir/compiler_depend.internal".
Dependencies file "CMakeFiles/ctranslate2.dir/src/ops/gumbel_max_cpu.cc.o.d" is newer than depends file "/Users/christophbackhaus/Documents/GitHub/CTranslate2/CMakeFiles/ctranslate2.dir/compiler_depend.internal".
Dependencies file "CMakeFiles/ctranslate2.dir/src/ops/layer_norm.cc.o.d" is newer than depends file "/Users/christophbackhaus/Documents/GitHub/CTranslate2/CMakeFiles/ctranslate2.dir/compiler_depend.internal".
Dependencies file "CMakeFiles/ctranslate2.dir/src/ops/layer_norm_cpu.cc.o.d" is newer than depends file "/Users/christophbackhaus/Documents/GitHub/CTranslate2/CMakeFiles/ctranslate2.dir/compiler_depend.internal".
Dependencies file "CMakeFiles/ctranslate2.dir/src/ops/log.cc.o.d" is newer than depends file "/Users/christophbackhaus/Documents/GitHub/CTranslate2/CMakeFiles/ctranslate2.dir/compiler_depend.internal".
Dependencies file "CMakeFiles/ctranslate2.dir/src/ops/matmul.cc.o.d" is newer than depends file "/Users/christophbackhaus/Documents/GitHub/CTranslate2/CMakeFiles/ctranslate2.dir/compiler_depend.internal".
Dependencies file "CMakeFiles/ctranslate2.dir/src/ops/mean.cc.o.d" is newer than depends file "/Users/christophbackhaus/Documents/GitHub/CTranslate2/CMakeFiles/ctranslate2.dir/compiler_depend.internal".
Dependencies file "CMakeFiles/ctranslate2.dir/src/ops/mean_cpu.cc.o.d" is newer than depends file "/Users/christophbackhaus/Documents/GitHub/CTranslate2/CMakeFiles/ctranslate2.dir/compiler_depend.internal".
Dependencies file "CMakeFiles/ctranslate2.dir/src/ops/median_filter.cc.o.d" is newer than depends file "/Users/christophbackhaus/Documents/GitHub/CTranslate2/CMakeFiles/ctranslate2.dir/compiler_depend.internal".
Dependencies file "CMakeFiles/ctranslate2.dir/src/ops/min_max.cc.o.d" is newer than depends file "/Users/christophbackhaus/Documents/GitHub/CTranslate2/CMakeFiles/ctranslate2.dir/compiler_depend.internal".
Dependencies file "CMakeFiles/ctranslate2.dir/src/ops/mul.cc.o.d" is newer than depends file "/Users/christophbackhaus/Documents/GitHub/CTranslate2/CMakeFiles/ctranslate2.dir/compiler_depend.internal".
Dependencies file "CMakeFiles/ctranslate2.dir/src/ops/multinomial.cc.o.d" is newer than depends file "/Users/christophbackhaus/Documents/GitHub/CTranslate2/CMakeFiles/ctranslate2.dir/compiler_depend.internal".
Dependencies file "CMakeFiles/ctranslate2.dir/src/ops/multinomial_cpu.cc.o.d" is newer than depends file "/Users/christophbackhaus/Documents/GitHub/CTranslate2/CMakeFiles/ctranslate2.dir/compiler_depend.internal".
Dependencies file "CMakeFiles/ctranslate2.dir/src/ops/nccl_ops.cc.o.d" is newer than depends file "/Users/christophbackhaus/Documents/GitHub/CTranslate2/CMakeFiles/ctranslate2.dir/compiler_depend.internal".
Dependencies file "CMakeFiles/ctranslate2.dir/src/ops/nccl_ops_cpu.cc.o.d" is newer than depends file "/Users/christophbackhaus/Documents/GitHub/CTranslate2/CMakeFiles/ctranslate2.dir/compiler_depend.internal".
Dependencies file "CMakeFiles/ctranslate2.dir/src/ops/quantize.cc.o.d" is newer than depends file "/Users/christophbackhaus/Documents/GitHub/CTranslate2/CMakeFiles/ctranslate2.dir/compiler_depend.internal".
Dependencies file "CMakeFiles/ctranslate2.dir/src/ops/quantize_cpu.cc.o.d" is newer than depends file "/Users/christophbackhaus/Documents/GitHub/CTranslate2/CMakeFiles/ctranslate2.dir/compiler_depend.internal".
Dependencies file "CMakeFiles/ctranslate2.dir/src/ops/relu.cc.o.d" is newer than depends file "/Users/christophbackhaus/Documents/GitHub/CTranslate2/CMakeFiles/ctranslate2.dir/compiler_depend.internal".
Dependencies file "CMakeFiles/ctranslate2.dir/src/ops/rms_norm.cc.o.d" is newer than depends file "/Users/christophbackhaus/Documents/GitHub/CTranslate2/CMakeFiles/ctranslate2.dir/compiler_depend.internal".
Dependencies file "CMakeFiles/ctranslate2.dir/src/ops/rms_norm_cpu.cc.o.d" is newer than depends file "/Users/christophbackhaus/Documents/GitHub/CTranslate2/CMakeFiles/ctranslate2.dir/compiler_depend.internal".
Dependencies file "CMakeFiles/ctranslate2.dir/src/ops/rotary.cc.o.d" is newer than depends file "/Users/christophbackhaus/Documents/GitHub/CTranslate2/CMakeFiles/ctranslate2.dir/compiler_depend.internal".
Dependencies file "CMakeFiles/ctranslate2.dir/src/ops/rotary_cpu.cc.o.d" is newer than depends file "/Users/christophbackhaus/Documents/GitHub/CTranslate2/CMakeFiles/ctranslate2.dir/compiler_depend.internal".
Dependencies file "CMakeFiles/ctranslate2.dir/src/ops/sigmoid.cc.o.d" is newer than depends file "/Users/christophbackhaus/Documents/GitHub/CTranslate2/CMakeFiles/ctranslate2.dir/compiler_depend.internal".
Dependencies file "CMakeFiles/ctranslate2.dir/src/ops/sin.cc.o.d" is newer than depends file "/Users/christophbackhaus/Documents/GitHub/CTranslate2/CMakeFiles/ctranslate2.dir/compiler_depend.internal".
Dependencies file "CMakeFiles/ctranslate2.dir/src/ops/slide.cc.o.d" is newer than depends file "/Users/christophbackhaus/Documents/GitHub/CTranslate2/CMakeFiles/ctranslate2.dir/compiler_depend.internal".
Dependencies file "CMakeFiles/ctranslate2.dir/src/ops/softmax.cc.o.d" is newer than depends file "/Users/christophbackhaus/Documents/GitHub/CTranslate2/CMakeFiles/ctranslate2.dir/compiler_depend.internal".
Dependencies file "CMakeFiles/ctranslate2.dir/src/ops/softmax_cpu.cc.o.d" is newer than depends file "/Users/christophbackhaus/Documents/GitHub/CTranslate2/CMakeFiles/ctranslate2.dir/compiler_depend.internal".
Dependencies file "CMakeFiles/ctranslate2.dir/src/ops/split.cc.o.d" is newer than depends file "/Users/christophbackhaus/Documents/GitHub/CTranslate2/CMakeFiles/ctranslate2.dir/compiler_depend.internal".
Dependencies file "CMakeFiles/ctranslate2.dir/src/ops/sub.cc.o.d" is newer than depends file "/Users/christophbackhaus/Documents/GitHub/CTranslate2/CMakeFiles/ctranslate2.dir/compiler_depend.internal".
Dependencies file "CMakeFiles/ctranslate2.dir/src/ops/sum.cc.o.d" is newer than depends file "/Users/christophbackhaus/Documents/GitHub/CTranslate2/CMakeFiles/ctranslate2.dir/compiler_depend.internal".
Dependencies file "CMakeFiles/ctranslate2.dir/src/ops/swish.cc.o.d" is newer than depends file "/Users/christophbackhaus/Documents/GitHub/CTranslate2/CMakeFiles/ctranslate2.dir/compiler_depend.internal".
Dependencies file "CMakeFiles/ctranslate2.dir/src/ops/tanh.cc.o.d" is newer than depends file "/Users/christophbackhaus/Documents/GitHub/CTranslate2/CMakeFiles/ctranslate2.dir/compiler_depend.internal".
Dependencies file "CMakeFiles/ctranslate2.dir/src/ops/tile.cc.o.d" is newer than depends file "/Users/christophbackhaus/Documents/GitHub/CTranslate2/CMakeFiles/ctranslate2.dir/compiler_depend.internal".
Dependencies file "CMakeFiles/ctranslate2.dir/src/ops/tile_cpu.cc.o.d" is newer than depends file "/Users/christophbackhaus/Documents/GitHub/CTranslate2/CMakeFiles/ctranslate2.dir/compiler_depend.internal".
Dependencies file "CMakeFiles/ctranslate2.dir/src/ops/topk.cc.o.d" is newer than depends file "/Users/christophbackhaus/Documents/GitHub/CTranslate2/CMakeFiles/ctranslate2.dir/compiler_depend.internal".
Dependencies file "CMakeFiles/ctranslate2.dir/src/ops/topk_cpu.cc.o.d" is newer than depends file "/Users/christophbackhaus/Documents/GitHub/CTranslate2/CMakeFiles/ctranslate2.dir/compiler_depend.internal".
Dependencies file "CMakeFiles/ctranslate2.dir/src/ops/topp_mask.cc.o.d" is newer than depends file "/Users/christophbackhaus/Documents/GitHub/CTranslate2/CMakeFiles/ctranslate2.dir/compiler_depend.internal".
Dependencies file "CMakeFiles/ctranslate2.dir/src/ops/topp_mask_cpu.cc.o.d" is newer than depends file "/Users/christophbackhaus/Documents/GitHub/CTranslate2/CMakeFiles/ctranslate2.dir/compiler_depend.internal".
Dependencies file "CMakeFiles/ctranslate2.dir/src/ops/transpose.cc.o.d" is newer than depends file "/Users/christophbackhaus/Documents/GitHub/CTranslate2/CMakeFiles/ctranslate2.dir/compiler_depend.internal".
Dependencies file "CMakeFiles/ctranslate2.dir/src/padder.cc.o.d" is newer than depends file "/Users/christophbackhaus/Documents/GitHub/CTranslate2/CMakeFiles/ctranslate2.dir/compiler_depend.internal".
Dependencies file "CMakeFiles/ctranslate2.dir/src/profiler.cc.o.d" is newer than depends file "/Users/christophbackhaus/Documents/GitHub/CTranslate2/CMakeFiles/ctranslate2.dir/compiler_depend.internal".
Dependencies file "CMakeFiles/ctranslate2.dir/src/random.cc.o.d" is newer than depends file "/Users/christophbackhaus/Documents/GitHub/CTranslate2/CMakeFiles/ctranslate2.dir/compiler_depend.internal".
Dependencies file "CMakeFiles/ctranslate2.dir/src/sampling.cc.o.d" is newer than depends file "/Users/christophbackhaus/Documents/GitHub/CTranslate2/CMakeFiles/ctranslate2.dir/compiler_depend.internal".
Dependencies file "CMakeFiles/ctranslate2.dir/src/scoring.cc.o.d" is newer than depends file "/Users/christophbackhaus/Documents/GitHub/CTranslate2/CMakeFiles/ctranslate2.dir/compiler_depend.internal".
Dependencies file "CMakeFiles/ctranslate2.dir/src/storage_view.cc.o.d" is newer than depends file "/Users/christophbackhaus/Documents/GitHub/CTranslate2/CMakeFiles/ctranslate2.dir/compiler_depend.internal".
Dependencies file "CMakeFiles/ctranslate2.dir/src/thread_pool.cc.o.d" is newer than depends file "/Users/christophbackhaus/Documents/GitHub/CTranslate2/CMakeFiles/ctranslate2.dir/compiler_depend.internal".
Dependencies file "CMakeFiles/ctranslate2.dir/src/translator.cc.o.d" is newer than depends file "/Users/christophbackhaus/Documents/GitHub/CTranslate2/CMakeFiles/ctranslate2.dir/compiler_depend.internal".
Dependencies file "CMakeFiles/ctranslate2.dir/src/types.cc.o.d" is newer than depends file "/Users/christophbackhaus/Documents/GitHub/CTranslate2/CMakeFiles/ctranslate2.dir/compiler_depend.internal".
Dependencies file "CMakeFiles/ctranslate2.dir/src/utils.cc.o.d" is newer than depends file "/Users/christophbackhaus/Documents/GitHub/CTranslate2/CMakeFiles/ctranslate2.dir/compiler_depend.internal".
Dependencies file "CMakeFiles/ctranslate2.dir/src/vocabulary.cc.o.d" is newer than depends file "/Users/christophbackhaus/Documents/GitHub/CTranslate2/CMakeFiles/ctranslate2.dir/compiler_depend.internal".
Dependencies file "CMakeFiles/ctranslate2.dir/src/vocabulary_map.cc.o.d" is newer than depends file "/Users/christophbackhaus/Documents/GitHub/CTranslate2/CMakeFiles/ctranslate2.dir/compiler_depend.internal".
Dependencies file "CMakeFiles/ctranslate2.dir/src/metal/metal_allocator.mm.o.d" is newer than depends file "/Users/christophbackhaus/Documents/GitHub/CTranslate2/CMakeFiles/ctranslate2.dir/compiler_depend.internal".
Dependencies file "CMakeFiles/ctranslate2.dir/src/metal/metal_device.mm.o.d" is newer than depends file "/Users/christophbackhaus/Documents/GitHub/CTranslate2/CMakeFiles/ctranslate2.dir/compiler_depend.internal".
Dependencies file "CMakeFiles/ctranslate2.dir/src/metal/metal_kernels.mm.o.d" is newer than depends file "/Users/christophbackhaus/Documents/GitHub/CTranslate2/CMakeFiles/ctranslate2.dir/compiler_depend.internal".
Dependencies file "CMakeFiles/ctranslate2.dir/src/metal/metal_utils.mm.o.d" is newer than depends file "/Users/christophbackhaus/Documents/GitHub/CTranslate2/CMakeFiles/ctranslate2.dir/compiler_depend.internal".
Consolidate compiler generated dependencies of target ctranslate2
/Applications/Xcode.app/Contents/Developer/usr/bin/make  -f CMakeFiles/ctranslate2.dir/build.make CMakeFiles/ctranslate2.dir/build
make[2]: Nothing to be done for `CMakeFiles/ctranslate2.dir/build'.
[100%] Built target ctranslate2
/opt/homebrew/bin/cmake -E cmake_progress_start /Users/christophbackhaus/Documents/GitHub/CTranslate2/CMakeFiles 0
/opt/homebrew/bin/cmake -S/Users/christophbackhaus/Documents/GitHub/CTranslate2 -B/Users/christophbackhaus/Documents/GitHub/CTranslate2 --check-build-system CMakeFiles/Makefile.cmake 0
/opt/homebrew/bin/cmake -E cmake_progress_start /Users/christophbackhaus/Documents/GitHub/CTranslate2/CMakeFiles /Users/christophbackhaus/Documents/GitHub/CTranslate2//CMakeFiles/progress.marks
/Applications/Xcode.app/Contents/Developer/usr/bin/make  -f CMakeFiles/Makefile2 all
/Applications/Xcode.app/Contents/Developer/usr/bin/make  -f CMakeFiles/ctranslate2.dir/build.make CMakeFiles/ctranslate2.dir/depend
cd /Users/christophbackhaus/Documents/GitHub/CTranslate2 && /opt/homebrew/bin/cmake -E cmake_depends "Unix Makefiles" /Users/christophbackhaus/Documents/GitHub/CTranslate2 /Users/christophbackhaus/Documents/GitHub/CTranslate2 /Users/christophbackhaus/Documents/GitHub/CTranslate2 /Users/christophbackhaus/Documents/GitHub/CTranslate2 /Users/christophbackhaus/Documents/GitHub/CTranslate2/CMakeFiles/ctranslate2.dir/DependInfo.cmake "--color="
/Applications/Xcode.app/Contents/Developer/usr/bin/make  -f CMakeFiles/ctranslate2.dir/build.make CMakeFiles/ctranslate2.dir/build
make[2]: Nothing to be done for `CMakeFiles/ctranslate2.dir/build'.
[ 91%] Built target ctranslate2
/Applications/Xcode.app/Contents/Developer/usr/bin/make  -f tests/third_party/googletest/googletest/CMakeFiles/gtest.dir/build.make tests/third_party/googletest/googletest/CMakeFiles/gtest.dir/depend
cd /Users/christophbackhaus/Documents/GitHub/CTranslate2 && /opt/homebrew/bin/cmake -E cmake_depends "Unix Makefiles" /Users/christophbackhaus/Documents/GitHub/CTranslate2 /Users/christophbackhaus/Documents/GitHub/CTranslate2/third_party/googletest/googletest /Users/christophbackhaus/Documents/GitHub/CTranslate2 /Users/christophbackhaus/Documents/GitHub/CTranslate2/tests/third_party/googletest/googletest /Users/christophbackhaus/Documents/GitHub/CTranslate2/tests/third_party/googletest/googletest/CMakeFiles/gtest.dir/DependInfo.cmake "--color="
/Applications/Xcode.app/Contents/Developer/usr/bin/make  -f tests/third_party/googletest/googletest/CMakeFiles/gtest.dir/build.make tests/third_party/googletest/googletest/CMakeFiles/gtest.dir/build
make[2]: Nothing to be done for `tests/third_party/googletest/googletest/CMakeFiles/gtest.dir/build'.
[ 93%] Built target gtest
/Applications/Xcode.app/Contents/Developer/usr/bin/make  -f tests/third_party/googletest/googletest/CMakeFiles/gtest_main.dir/build.make tests/third_party/googletest/googletest/CMakeFiles/gtest_main.dir/depend
cd /Users/christophbackhaus/Documents/GitHub/CTranslate2 && /opt/homebrew/bin/cmake -E cmake_depends "Unix Makefiles" /Users/christophbackhaus/Documents/GitHub/CTranslate2 /Users/christophbackhaus/Documents/GitHub/CTranslate2/third_party/googletest/googletest /Users/christophbackhaus/Documents/GitHub/CTranslate2 /Users/christophbackhaus/Documents/GitHub/CTranslate2/tests/third_party/googletest/googletest /Users/christophbackhaus/Documents/GitHub/CTranslate2/tests/third_party/googletest/googletest/CMakeFiles/gtest_main.dir/DependInfo.cmake "--color="
/Applications/Xcode.app/Contents/Developer/usr/bin/make  -f tests/third_party/googletest/googletest/CMakeFiles/gtest_main.dir/build.make tests/third_party/googletest/googletest/CMakeFiles/gtest_main.dir/build
make[2]: Nothing to be done for `tests/third_party/googletest/googletest/CMakeFiles/gtest_main.dir/build'.
[ 94%] Built target gtest_main
/Applications/Xcode.app/Contents/Developer/usr/bin/make  -f tests/metal/CMakeFiles/metal_ops_test.dir/build.make tests/metal/CMakeFiles/metal_ops_test.dir/depend
cd /Users/christophbackhaus/Documents/GitHub/CTranslate2 && /opt/homebrew/bin/cmake -E cmake_depends "Unix Makefiles" /Users/christophbackhaus/Documents/GitHub/CTranslate2 /Users/christophbackhaus/Documents/GitHub/CTranslate2/tests/metal /Users/christophbackhaus/Documents/GitHub/CTranslate2 /Users/christophbackhaus/Documents/GitHub/CTranslate2/tests/metal /Users/christophbackhaus/Documents/GitHub/CTranslate2/tests/metal/CMakeFiles/metal_ops_test.dir/DependInfo.cmake "--color="
/Applications/Xcode.app/Contents/Developer/usr/bin/make  -f tests/metal/CMakeFiles/metal_ops_test.dir/build.make tests/metal/CMakeFiles/metal_ops_test.dir/build
make[2]: Nothing to be done for `tests/metal/CMakeFiles/metal_ops_test.dir/build'.
[ 96%] Built target metal_ops_test
/Applications/Xcode.app/Contents/Developer/usr/bin/make  -f tests/metal/CMakeFiles/metal_buffer_test.dir/build.make tests/metal/CMakeFiles/metal_buffer_test.dir/depend
cd /Users/christophbackhaus/Documents/GitHub/CTranslate2 && /opt/homebrew/bin/cmake -E cmake_depends "Unix Makefiles" /Users/christophbackhaus/Documents/GitHub/CTranslate2 /Users/christophbackhaus/Documents/GitHub/CTranslate2/tests/metal /Users/christophbackhaus/Documents/GitHub/CTranslate2 /Users/christophbackhaus/Documents/GitHub/CTranslate2/tests/metal /Users/christophbackhaus/Documents/GitHub/CTranslate2/tests/metal/CMakeFiles/metal_buffer_test.dir/DependInfo.cmake "--color="
/Applications/Xcode.app/Contents/Developer/usr/bin/make  -f tests/metal/CMakeFiles/metal_buffer_test.dir/build.make tests/metal/CMakeFiles/metal_buffer_test.dir/build
make[2]: Nothing to be done for `tests/metal/CMakeFiles/metal_buffer_test.dir/build'.
[ 98%] Built target metal_buffer_test
/Applications/Xcode.app/Contents/Developer/usr/bin/make  -f tests/metal/CMakeFiles/metal_device_info_test.dir/build.make tests/metal/CMakeFiles/metal_device_info_test.dir/depend
cd /Users/christophbackhaus/Documents/GitHub/CTranslate2 && /opt/homebrew/bin/cmake -E cmake_depends "Unix Makefiles" /Users/christophbackhaus/Documents/GitHub/CTranslate2 /Users/christophbackhaus/Documents/GitHub/CTranslate2/tests/metal /Users/christophbackhaus/Documents/GitHub/CTranslate2 /Users/christophbackhaus/Documents/GitHub/CTranslate2/tests/metal /Users/christophbackhaus/Documents/GitHub/CTranslate2/tests/metal/CMakeFiles/metal_device_info_test.dir/DependInfo.cmake "--color="
/Applications/Xcode.app/Contents/Developer/usr/bin/make  -f tests/metal/CMakeFiles/metal_device_info_test.dir/build.make tests/metal/CMakeFiles/metal_device_info_test.dir/build
make[2]: Nothing to be done for `tests/metal/CMakeFiles/metal_device_info_test.dir/build'.
[100%] Built target metal_device_info_test
/opt/homebrew/bin/cmake -E cmake_progress_start /Users/christophbackhaus/Documents/GitHub/CTranslate2/CMakeFiles 0
/Applications/Xcode.app/Contents/Developer/usr/bin/make  -f CMakeFiles/Makefile2 preinstall
make[1]: Nothing to be done for `preinstall'.
Install the project...
/opt/homebrew/bin/cmake -P cmake_install.cmake
-- Install configuration: "Release"
-- Installing: /Users/christophbackhaus/Documents/GitHub/CTranslate2/lib/libctranslate2.4.5.1.dylib
-- Up-to-date: /Users/christophbackhaus/Documents/GitHub/CTranslate2/lib/libctranslate2.4.dylib
-- Up-to-date: /Users/christophbackhaus/Documents/GitHub/CTranslate2/lib/libctranslate2.dylib
-- Up-to-date: /Users/christophbackhaus/Documents/GitHub/CTranslate2/lib/cmake/ctranslate2/ctranslate2Targets.cmake
-- Up-to-date: /Users/christophbackhaus/Documents/GitHub/CTranslate2/lib/cmake/ctranslate2/ctranslate2Targets-release.cmake
-- Up-to-date: /Users/christophbackhaus/Documents/GitHub/CTranslate2/lib/cmake/ctranslate2/ctranslate2Config.cmake
-- Up-to-date: /Users/christophbackhaus/Documents/GitHub/CTranslate2/lib/cmake/ctranslate2/FindNCCL.cmake
-- Up-to-date: /Users/christophbackhaus/Documents/GitHub/CTranslate2/lib/cmake/ctranslate2/ctranslate2ConfigVersion.cmake
🐍 Building Python extension...
/Users/christophbackhaus/Documents/GitHub/CTranslate2/python/testvenv/lib/python3.12/site-packages/setuptools/__init__.py:94: _DeprecatedInstaller: setuptools.installer and fetch_build_eggs are deprecated.
!!

        ********************************************************************************
        Requirements should be satisfied by a PEP 517 installer.
        If you are using pip, you can try `pip install --use-pep517`.
        ********************************************************************************

!!
  dist.fetch_build_eggs(dist.setup_requires)
/Users/christophbackhaus/Documents/GitHub/CTranslate2/python/testvenv/lib/python3.12/site-packages/setuptools/config/_apply_pyprojecttoml.py:75: _MissingDynamic: `license` defined outside of `pyproject.toml` is ignored.
!!

        ********************************************************************************
        The following seems to be defined outside of `pyproject.toml`:

        `license = 'MIT'`

        According to the spec (see the link below), however, setuptools CANNOT
        consider this value unless `license` is listed as `dynamic`.

        https://packaging.python.org/en/latest/specifications/pyproject-toml/#declaring-project-metadata-the-project-table

        To prevent this problem, you can list `license` under `dynamic` or alternatively
        remove the `[project]` table from your file and rely entirely on other means of
        configuration.
        ********************************************************************************

!!
  _handle_missing_dynamic(dist, project_table)
/Users/christophbackhaus/Documents/GitHub/CTranslate2/python/testvenv/lib/python3.12/site-packages/setuptools/config/_apply_pyprojecttoml.py:75: _MissingDynamic: `classifiers` defined outside of `pyproject.toml` is ignored.
!!

        ********************************************************************************
        The following seems to be defined outside of `pyproject.toml`:

        `classifiers = ['Development Status :: 5 - Production/Stable', 'Environment :: GPU :: NVIDIA CUDA :: 11.0', 'Intended Audience :: Developers', 'Intended Audience :: Science/Research', 'License :: OSI Approved :: MIT License', 'Programming Language :: Python :: 3', 'Programming Language :: Python :: 3 :: Only', 'Programming Language :: Python :: 3.7', 'Programming Language :: Python :: 3.8', 'Programming Language :: Python :: 3.9', 'Programming Language :: Python :: 3.10', 'Programming Language :: Python :: 3.11', 'Programming Language :: Python :: 3.12', 'Topic :: Scientific/Engineering :: Artificial Intelligence']`

        According to the spec (see the link below), however, setuptools CANNOT
        consider this value unless `classifiers` is listed as `dynamic`.

        https://packaging.python.org/en/latest/specifications/pyproject-toml/#declaring-project-metadata-the-project-table

        To prevent this problem, you can list `classifiers` under `dynamic` or alternatively
        remove the `[project]` table from your file and rely entirely on other means of
        configuration.
        ********************************************************************************

!!
  _handle_missing_dynamic(dist, project_table)
/Users/christophbackhaus/Documents/GitHub/CTranslate2/python/testvenv/lib/python3.12/site-packages/setuptools/config/_apply_pyprojecttoml.py:75: _MissingDynamic: `urls` defined outside of `pyproject.toml` is ignored.
!!

        ********************************************************************************
        The following seems to be defined outside of `pyproject.toml`:

        `urls = {'Forum': 'https://forum.opennmt.net', 'Source': 'https://github.com/OpenNMT/CTranslate2'}`

        According to the spec (see the link below), however, setuptools CANNOT
        consider this value unless `urls` is listed as `dynamic`.

        https://packaging.python.org/en/latest/specifications/pyproject-toml/#declaring-project-metadata-the-project-table

        To prevent this problem, you can list `urls` under `dynamic` or alternatively
        remove the `[project]` table from your file and rely entirely on other means of
        configuration.
        ********************************************************************************

!!
  _handle_missing_dynamic(dist, project_table)
/Users/christophbackhaus/Documents/GitHub/CTranslate2/python/testvenv/lib/python3.12/site-packages/setuptools/config/_apply_pyprojecttoml.py:75: _MissingDynamic: `scripts` defined outside of `pyproject.toml` is ignored.
!!

        ********************************************************************************
        The following seems to be defined outside of `pyproject.toml`:

        `scripts = ['ct2-fairseq-converter=ctranslate2.converters.fairseq:main', 'ct2-marian-converter=ctranslate2.converters.marian:main', 'ct2-openai-gpt2-converter=ctranslate2.converters.openai_gpt2:main', 'ct2-opennmt-py-converter=ctranslate2.converters.opennmt_py:main', 'ct2-opennmt-tf-converter=ctranslate2.converters.opennmt_tf:main', 'ct2-opus-mt-converter=ctranslate2.converters.opus_mt:main', 'ct2-transformers-converter=ctranslate2.converters.transformers:main']`

        According to the spec (see the link below), however, setuptools CANNOT
        consider this value unless `scripts` is listed as `dynamic`.

        https://packaging.python.org/en/latest/specifications/pyproject-toml/#declaring-project-metadata-the-project-table

        To prevent this problem, you can list `scripts` under `dynamic` or alternatively
        remove the `[project]` table from your file and rely entirely on other means of
        configuration.
        ********************************************************************************

!!
  _handle_missing_dynamic(dist, project_table)
/Users/christophbackhaus/Documents/GitHub/CTranslate2/python/testvenv/lib/python3.12/site-packages/setuptools/config/expand.py:128: SetuptoolsWarning: File '/Users/christophbackhaus/Documents/GitHub/CTranslate2/python/README.md' cannot be found
  for path in _filter_existing_files(_filepaths)
/Users/christophbackhaus/Documents/GitHub/CTranslate2/python/testvenv/lib/python3.12/site-packages/setuptools/config/_apply_pyprojecttoml.py:82: SetuptoolsWarning: `install_requires` overwritten in `pyproject.toml` (dependencies)
  corresp(dist, value, root_dir)
/Users/christophbackhaus/Documents/GitHub/CTranslate2/python/testvenv/lib/python3.12/site-packages/setuptools/config/_apply_pyprojecttoml.py:82: SetuptoolsWarning: `license` overwritten by `pyproject.toml`
  corresp(dist, value, root_dir)
running build_ext
building 'ctranslate2._ext' extension
clang++ -arch arm64 -I/Users/christophbackhaus/Documents/GitHub/CTranslate2/python/testvenv/lib/python3.12/site-packages/pybind11/include -I/opt/homebrew/opt/python@3.12/Frameworks/Python.framework/Versions/3.12/include -I/opt/homebrew/opt/python@3.12/Frameworks/Python.framework/Versions/3.12/include/python3.12 -c ../src/metal/audio_processing.mm -o build/temp.macosx-15.0-arm64-cpython-312/../src/metal/audio_processing.o -std=c++17 -mmacosx-version-min=10.14 -stdlib=libc++ -I/Applications/Xcode.app/Contents/Developer/Toolchains/XcodeDefault.xctoolchain/usr/include/c++/v1 -D_LIBCPP_DISABLE_AVAILABILITY=1 -D_LIBCPP_DISABLE_VISIBILITY_ANNOTATIONS=1
clang++ -arch arm64 -I/Users/christophbackhaus/Documents/GitHub/CTranslate2/python/testvenv/lib/python3.12/site-packages/pybind11/include -I/opt/homebrew/opt/python@3.12/Frameworks/Python.framework/Versions/3.12/include -I/opt/homebrew/opt/python@3.12/Frameworks/Python.framework/Versions/3.12/include/python3.12 -c ../src/metal/metal_allocator.mm -o build/temp.macosx-15.0-arm64-cpython-312/../src/metal/metal_allocator.o -std=c++17 -mmacosx-version-min=10.14 -stdlib=libc++ -I/Applications/Xcode.app/Contents/Developer/Toolchains/XcodeDefault.xctoolchain/usr/include/c++/v1 -D_LIBCPP_DISABLE_AVAILABILITY=1 -D_LIBCPP_DISABLE_VISIBILITY_ANNOTATIONS=1
clang++ -arch arm64 -I/Users/christophbackhaus/Documents/GitHub/CTranslate2/python/testvenv/lib/python3.12/site-packages/pybind11/include -I/opt/homebrew/opt/python@3.12/Frameworks/Python.framework/Versions/3.12/include -I/opt/homebrew/opt/python@3.12/Frameworks/Python.framework/Versions/3.12/include/python3.12 -c ../src/metal/metal_device.mm -o build/temp.macosx-15.0-arm64-cpython-312/../src/metal/metal_device.o -std=c++17 -mmacosx-version-min=10.14 -stdlib=libc++ -I/Applications/Xcode.app/Contents/Developer/Toolchains/XcodeDefault.xctoolchain/usr/include/c++/v1 -D_LIBCPP_DISABLE_AVAILABILITY=1 -D_LIBCPP_DISABLE_VISIBILITY_ANNOTATIONS=1
clang++ -arch arm64 -I/Users/christophbackhaus/Documents/GitHub/CTranslate2/python/testvenv/lib/python3.12/site-packages/pybind11/include -I/opt/homebrew/opt/python@3.12/Frameworks/Python.framework/Versions/3.12/include -I/opt/homebrew/opt/python@3.12/Frameworks/Python.framework/Versions/3.12/include/python3.12 -c ../src/metal/metal_kernels.mm -o build/temp.macosx-15.0-arm64-cpython-312/../src/metal/metal_kernels.o -std=c++17 -mmacosx-version-min=10.14 -stdlib=libc++ -I/Applications/Xcode.app/Contents/Developer/Toolchains/XcodeDefault.xctoolchain/usr/include/c++/v1 -D_LIBCPP_DISABLE_AVAILABILITY=1 -D_LIBCPP_DISABLE_VISIBILITY_ANNOTATIONS=1
clang++ -arch arm64 -I/Users/christophbackhaus/Documents/GitHub/CTranslate2/python/testvenv/lib/python3.12/site-packages/pybind11/include -I/opt/homebrew/opt/python@3.12/Frameworks/Python.framework/Versions/3.12/include -I/opt/homebrew/opt/python@3.12/Frameworks/Python.framework/Versions/3.12/include/python3.12 -c ../src/metal/metal_utils.mm -o build/temp.macosx-15.0-arm64-cpython-312/../src/metal/metal_utils.o -std=c++17 -mmacosx-version-min=10.14 -stdlib=libc++ -I/Applications/Xcode.app/Contents/Developer/Toolchains/XcodeDefault.xctoolchain/usr/include/c++/v1 -D_LIBCPP_DISABLE_AVAILABILITY=1 -D_LIBCPP_DISABLE_VISIBILITY_ANNOTATIONS=1
clang++ -arch arm64 -I/Users/christophbackhaus/Documents/GitHub/CTranslate2/python/testvenv/lib/python3.12/site-packages/pybind11/include -I/opt/homebrew/opt/python@3.12/Frameworks/Python.framework/Versions/3.12/include -I/opt/homebrew/opt/python@3.12/Frameworks/Python.framework/Versions/3.12/include/python3.12 -c ../src/metal/speaker_manager.mm -o build/temp.macosx-15.0-arm64-cpython-312/../src/metal/speaker_manager.o -std=c++17 -mmacosx-version-min=10.14 -stdlib=libc++ -I/Applications/Xcode.app/Contents/Developer/Toolchains/XcodeDefault.xctoolchain/usr/include/c++/v1 -D_LIBCPP_DISABLE_AVAILABILITY=1 -D_LIBCPP_DISABLE_VISIBILITY_ANNOTATIONS=1
../src/metal/speaker_manager.mm:11:9: warning: Compiling speaker_manager.mm [-W#pragma-messages]
   11 | #pragma message "Compiling speaker_manager.mm"
      |         ^
In file included from ../src/metal/speaker_manager.mm:18:
/Applications/Xcode.app/Contents/Developer/Platforms/MacOSX.platform/Developer/SDKs/MacOSX.sdk/usr/include/c++/v1/fstream:226:51: error: no template named 'basic_streambuf'; did you mean '::std::basic_streambuf'?
  226 | class _LIBCPP_TEMPLATE_VIS basic_filebuf : public basic_streambuf<_CharT, _Traits> {
      |                                                   ^
/Applications/Xcode.app/Contents/Developer/Platforms/MacOSX.platform/Developer/SDKs/MacOSX.sdk/usr/include/c++/v1/streambuf:131:28: note: '::std::basic_streambuf' declared here
  131 | class _LIBCPP_TEMPLATE_VIS basic_streambuf {
      |                            ^
In file included from ../src/metal/speaker_manager.mm:18:
/Applications/Xcode.app/Contents/Developer/Platforms/MacOSX.platform/Developer/SDKs/MacOSX.sdk/usr/include/c++/v1/fstream:255:40: error: use of undeclared identifier 'ios_base'; did you mean '::std::ios_base'?
  255 |   basic_filebuf* open(const char* __s, ios_base::openmode __mode);
      |                                        ^
/Applications/Xcode.app/Contents/Developer/Platforms/MacOSX.platform/Developer/SDKs/MacOSX.sdk/usr/include/c++/v1/ios:249:33: note: '::std::ios_base' declared here
  249 | class _LIBCPP_EXPORTED_FROM_ABI ios_base {
      |                                 ^
In file included from ../src/metal/speaker_manager.mm:18:
/Applications/Xcode.app/Contents/Developer/Platforms/MacOSX.platform/Developer/SDKs/MacOSX.sdk/usr/include/c++/v1/fstream:259:51: error: unknown type name 'string'; did you mean '::std::string'?
  259 |   _LIBCPP_HIDE_FROM_ABI basic_filebuf* open(const string& __s, ios_base::openmode __mode);
      |                                                   ^
/Applications/Xcode.app/Contents/Developer/Platforms/MacOSX.platform/Developer/SDKs/MacOSX.sdk/usr/include/c++/v1/__fwd/string.h:45:7: note: '::std::string' declared here
   45 | using string = basic_string<char>;
      |       ^
In file included from ../src/metal/speaker_manager.mm:18:
/Applications/Xcode.app/Contents/Developer/Platforms/MacOSX.platform/Developer/SDKs/MacOSX.sdk/usr/include/c++/v1/fstream:259:64: error: use of undeclared identifier 'ios_base'; did you mean '::std::ios_base'?
  259 |   _LIBCPP_HIDE_FROM_ABI basic_filebuf* open(const string& __s, ios_base::openmode __mode);
      |                                                                ^
/Applications/Xcode.app/Contents/Developer/Platforms/MacOSX.platform/Developer/SDKs/MacOSX.sdk/usr/include/c++/v1/ios:249:33: note: '::std::ios_base' declared here
  249 | class _LIBCPP_EXPORTED_FROM_ABI ios_base {
      |                                 ^
In file included from ../src/metal/speaker_manager.mm:18:
/Applications/Xcode.app/Contents/Developer/Platforms/MacOSX.platform/Developer/SDKs/MacOSX.sdk/usr/include/c++/v1/fstream:263:14: error: use of undeclared identifier 'filesystem'; did you mean '::std::filesystem'?
  263 |   open(const filesystem::path& __p, ios_base::openmode __mode) {
      |              ^
/Applications/Xcode.app/Contents/Developer/Platforms/MacOSX.platform/Developer/SDKs/MacOSX.sdk/usr/include/c++/v1/__filesystem/u8path.h:30:1: note: '::std::filesystem' declared here
   30 | _LIBCPP_BEGIN_NAMESPACE_FILESYSTEM
      | ^
/Applications/Xcode.app/Contents/Developer/Platforms/MacOSX.platform/Developer/SDKs/MacOSX.sdk/usr/include/c++/v1/__config:605:80: note: expanded from macro '_LIBCPP_BEGIN_NAMESPACE_FILESYSTEM'
  605 |                                              inline namespace __fs { namespace filesystem {
      |                                                                                ^
In file included from ../src/metal/speaker_manager.mm:18:
/Applications/Xcode.app/Contents/Developer/Platforms/MacOSX.platform/Developer/SDKs/MacOSX.sdk/usr/include/c++/v1/fstream:263:37: error: use of undeclared identifier 'ios_base'; did you mean '::std::ios_base'?
  263 |   open(const filesystem::path& __p, ios_base::openmode __mode) {
      |                                     ^
/Applications/Xcode.app/Contents/Developer/Platforms/MacOSX.platform/Developer/SDKs/MacOSX.sdk/usr/include/c++/v1/ios:249:33: note: '::std::ios_base' declared here
  249 | class _LIBCPP_EXPORTED_FROM_ABI ios_base {
      |                                 ^
In file included from ../src/metal/speaker_manager.mm:18:
/Applications/Xcode.app/Contents/Developer/Platforms/MacOSX.platform/Developer/SDKs/MacOSX.sdk/usr/include/c++/v1/fstream:267:57: error: use of undeclared identifier 'ios_base'; did you mean '::std::ios_base'?
  267 |   _LIBCPP_HIDE_FROM_ABI basic_filebuf* __open(int __fd, ios_base::openmode __mode);
      |                                                         ^
/Applications/Xcode.app/Contents/Developer/Platforms/MacOSX.platform/Developer/SDKs/MacOSX.sdk/usr/include/c++/v1/ios:249:33: note: '::std::ios_base' declared here
  249 | class _LIBCPP_EXPORTED_FROM_ABI ios_base {
      |                                 ^
In file included from ../src/metal/speaker_manager.mm:18:
/Applications/Xcode.app/Contents/Developer/Platforms/MacOSX.platform/Developer/SDKs/MacOSX.sdk/usr/include/c++/v1/fstream:282:67: error: use of undeclared identifier 'ios_base'; did you mean '::std::ios_base'?
  282 |   _LIBCPP_HIDE_FROM_ABI inline static const char* __make_mdstring(ios_base::openmode __mode) _NOEXCEPT;
      |                                                                   ^
/Applications/Xcode.app/Contents/Developer/Platforms/MacOSX.platform/Developer/SDKs/MacOSX.sdk/usr/include/c++/v1/ios:249:33: note: '::std::ios_base' declared here
  249 | class _LIBCPP_EXPORTED_FROM_ABI ios_base {
      |                                 ^
In file included from ../src/metal/speaker_manager.mm:18:
/Applications/Xcode.app/Contents/Developer/Platforms/MacOSX.platform/Developer/SDKs/MacOSX.sdk/usr/include/c++/v1/fstream:292:3: error: no template named 'basic_streambuf'; did you mean '::std::basic_streambuf'?
  292 |   basic_streambuf<char_type, traits_type>* setbuf(char_type* __s, streamsize __n) override;
      |   ^
/Applications/Xcode.app/Contents/Developer/Platforms/MacOSX.platform/Developer/SDKs/MacOSX.sdk/usr/include/c++/v1/streambuf:131:28: note: '::std::basic_streambuf' declared here
  131 | class _LIBCPP_TEMPLATE_VIS basic_streambuf {
      |                            ^
In file included from ../src/metal/speaker_manager.mm:18:
/Applications/Xcode.app/Contents/Developer/Platforms/MacOSX.platform/Developer/SDKs/MacOSX.sdk/usr/include/c++/v1/fstream:292:67: error: unknown type name 'streamsize'; did you mean '::std::streamsize'?
  292 |   basic_streambuf<char_type, traits_type>* setbuf(char_type* __s, streamsize __n) override;
      |                                                                   ^
/Applications/Xcode.app/Contents/Developer/Platforms/MacOSX.platform/Developer/SDKs/MacOSX.sdk/usr/include/c++/v1/ios:247:19: note: '::std::streamsize' declared here
  247 | typedef ptrdiff_t streamsize;
      |                   ^
In file included from ../src/metal/speaker_manager.mm:18:
/Applications/Xcode.app/Contents/Developer/Platforms/MacOSX.platform/Developer/SDKs/MacOSX.sdk/usr/include/c++/v1/fstream:294:27: error: use of undeclared identifier 'ios_base'; did you mean '::std::ios_base'?
  294 |   seekoff(off_type __off, ios_base::seekdir __way, ios_base::openmode __wch = ios_base::in | ios_base::out) override;
      |                           ^
/Applications/Xcode.app/Contents/Developer/Platforms/MacOSX.platform/Developer/SDKs/MacOSX.sdk/usr/include/c++/v1/ios:249:33: note: '::std::ios_base' declared here
  249 | class _LIBCPP_EXPORTED_FROM_ABI ios_base {
      |                                 ^
In file included from ../src/metal/speaker_manager.mm:18:
/Applications/Xcode.app/Contents/Developer/Platforms/MacOSX.platform/Developer/SDKs/MacOSX.sdk/usr/include/c++/v1/fstream:294:52: error: use of undeclared identifier 'ios_base'; did you mean '::std::ios_base'?
  294 |   seekoff(off_type __off, ios_base::seekdir __way, ios_base::openmode __wch = ios_base::in | ios_base::out) override;
      |                                                    ^
/Applications/Xcode.app/Contents/Developer/Platforms/MacOSX.platform/Developer/SDKs/MacOSX.sdk/usr/include/c++/v1/ios:249:33: note: '::std::ios_base' declared here
  249 | class _LIBCPP_EXPORTED_FROM_ABI ios_base {
      |                                 ^
In file included from ../src/metal/speaker_manager.mm:18:
/Applications/Xcode.app/Contents/Developer/Platforms/MacOSX.platform/Developer/SDKs/MacOSX.sdk/usr/include/c++/v1/fstream:295:35: error: use of undeclared identifier 'ios_base'; did you mean '::std::ios_base'?
  295 |   pos_type seekpos(pos_type __sp, ios_base::openmode __wch = ios_base::in | ios_base::out) override;
      |                                   ^
/Applications/Xcode.app/Contents/Developer/Platforms/MacOSX.platform/Developer/SDKs/MacOSX.sdk/usr/include/c++/v1/ios:249:33: note: '::std::ios_base' declared here
  249 | class _LIBCPP_EXPORTED_FROM_ABI ios_base {
      |                                 ^
In file included from ../src/metal/speaker_manager.mm:18:
/Applications/Xcode.app/Contents/Developer/Platforms/MacOSX.platform/Developer/SDKs/MacOSX.sdk/usr/include/c++/v1/fstream:297:20: error: unknown type name 'locale'; did you mean '::std::locale'?
  297 |   void imbue(const locale& __loc) override;
      |                    ^
/Applications/Xcode.app/Contents/Developer/Platforms/MacOSX.platform/Developer/SDKs/MacOSX.sdk/usr/include/c++/v1/__locale:56:33: note: '::std::locale' declared here
   56 | class _LIBCPP_EXPORTED_FROM_ABI locale {
      |                                 ^
In file included from ../src/metal/speaker_manager.mm:18:
/Applications/Xcode.app/Contents/Developer/Platforms/MacOSX.platform/Developer/SDKs/MacOSX.sdk/usr/include/c++/v1/fstream:308:9: error: no template named 'codecvt'; did you mean '::std::codecvt'?
  308 |   const codecvt<char_type, char, state_type>* __cv_;
      |         ^
/Applications/Xcode.app/Contents/Developer/Platforms/MacOSX.platform/Developer/SDKs/MacOSX.sdk/usr/include/c++/v1/__locale:747:28: note: '::std::codecvt' declared here
  747 | class _LIBCPP_TEMPLATE_VIS codecvt;
      |                            ^
In file included from ../src/metal/speaker_manager.mm:18:
/Applications/Xcode.app/Contents/Developer/Platforms/MacOSX.platform/Developer/SDKs/MacOSX.sdk/usr/include/c++/v1/fstream:311:3: error: use of undeclared identifier 'ios_base'; did you mean '::std::ios_base'?
  311 |   ios_base::openmode __om_;
      |   ^
/Applications/Xcode.app/Contents/Developer/Platforms/MacOSX.platform/Developer/SDKs/MacOSX.sdk/usr/include/c++/v1/ios:249:33: note: '::std::ios_base' declared here
  249 | class _LIBCPP_EXPORTED_FROM_ABI ios_base {
      |                                 ^
In file included from ../src/metal/speaker_manager.mm:18:
/Applications/Xcode.app/Contents/Developer/Platforms/MacOSX.platform/Developer/SDKs/MacOSX.sdk/usr/include/c++/v1/fstream:314:16: error: use of undeclared identifier 'ios_base'; did you mean '::std::ios_base'?
  314 |   static const ios_base::openmode __no_io_operations = ios_base::trunc;
      |                ^
/Applications/Xcode.app/Contents/Developer/Platforms/MacOSX.platform/Developer/SDKs/MacOSX.sdk/usr/include/c++/v1/ios:249:33: note: '::std::ios_base' declared here
  249 | class _LIBCPP_EXPORTED_FROM_ABI ios_base {
      |                                 ^
In file included from ../src/metal/speaker_manager.mm:18:
/Applications/Xcode.app/Contents/Developer/Platforms/MacOSX.platform/Developer/SDKs/MacOSX.sdk/usr/include/c++/v1/fstream:314:56: error: use of undeclared identifier 'ios_base'; did you mean '::std::ios_base'?
  314 |   static const ios_base::openmode __no_io_operations = ios_base::trunc;
      |                                                        ^
/Applications/Xcode.app/Contents/Developer/Platforms/MacOSX.platform/Developer/SDKs/MacOSX.sdk/usr/include/c++/v1/ios:249:33: note: '::std::ios_base' declared here
  249 | class _LIBCPP_EXPORTED_FROM_ABI ios_base {
      |                                 ^
In file included from ../src/metal/speaker_manager.mm:18:
/Applications/Xcode.app/Contents/Developer/Platforms/MacOSX.platform/Developer/SDKs/MacOSX.sdk/usr/include/c++/v1/fstream:316:16: error: use of undeclared identifier 'ios_base'; did you mean '::std::ios_base'?
  316 |   static const ios_base::openmode __use_unbuffered_io = ios_base::ate;
      |                ^
/Applications/Xcode.app/Contents/Developer/Platforms/MacOSX.platform/Developer/SDKs/MacOSX.sdk/usr/include/c++/v1/ios:249:33: note: '::std::ios_base' declared here
  249 | class _LIBCPP_EXPORTED_FROM_ABI ios_base {
      |                                 ^
fatal error: too many errors emitted, stopping now [-ferror-limit=]
1 warning and 20 errors generated.
error: command '/usr/bin/clang++' failed with exit code 1
Python build failed
Python executable details:
lrwxr-xr-x@ 1 christophbackhaus  admin  44 Apr 27 18:57 /opt/homebrew/bin/python3.12 -> ../Cellar/python@3.12/3.12.10/bin/python3.12
Setup script details:
-rw-r--r--  1 christophbackhaus  staff  9999 May  4 19:13 setup.py
[ERROR] Python extension build failed
